---
source: crates/runtara-server/tests/reports_runtime_corpus.rs
expression: response
---
{
  "valid": false,
  "errors": [
    {
      "path": "$",
      "code": "VALIDATION_ERROR",
      "message": "Block 'running_instances' workflow_runtime source must specify workflowId",
      "hint": "Use validate_report with mode='all' for syntax plus semantic checks."
    }
  ],
  "warnings": []
}
